// Jest Snapshot v1, https://goo.gl/fbAQLP

exports[`Pagination.test.js has the expected html structure 1`] = `
<nav
  aria-label="Pagination"
>
  <ul
    class="pagination"
  >
    <li
      class="page-item disabled"
    >
      <router-link
        to="/restaurant/9"
      >
        <i
          class="fa fa-angle-left"
        />
         
        <span
          class="sr-only"
        >
          Previous
        </span>
      </router-link>
    </li>
     
    <li
      class="page-item"
    >
      <a
        class="page-link"
        href="#"
      >
        1
      </a>
    </li>
     
    <li
      class="page-item active"
    >
      <a
        class="page-link"
        href="#"
      >
        
        2
        
        <span
          class="sr-only"
        >
          10
        </span>
      </a>
    </li>
     
    <li
      class="page-item"
    >
      <a
        class="page-link"
        href="#"
      >
        20
      </a>
    </li>
     
    <li
      class="page-item"
    >
      <router-link
        to="/restaurant/11"
      >
        <i
          class="fa fa-angle-right"
        />
         
        <span
          class="sr-only"
        >
          Next
        </span>
      </router-link>
    </li>
  </ul>
</nav>
`;
